// Jest Snapshot v1, https://goo.gl/fbAQLP

exports[`Button renders a default state 1`] = `
<button
  className=""
>
  <span>
    Default button
  </span>
</button>
`;
